

==================================================================================
=== CALIBRE::DRC-H SUMMARY REPORT
===
Execution Date/Time:       Tue Jun 27 16:39:24 2023
Calibre Version:           v2006.2_16.16    Wed May 17 23:15:55 PDT 2006
Rule File Pathname:        /local/users/cad/work04/stapfpereira.proj/cell.lib/default.group/layout.views/inver/inver.cal/_c35b4c3.rules_
Rule File Title:           DRC/LVS 0.35 U CMOS C35B4/C35B3 polycide 3V/5V (last modified 6-Sep-05)
Layout System:             GDS
Layout Path(s):            inver.calibre.gds
Layout Primary Cell:       inver
Current Directory:         /local/users/cad/work04/stapfpereira.proj/cell.lib/default.group/layout.views/inver/inver.cal
User Name:                 cad
Maximum Results/RuleCheck: 1000
Maximum Result Vertices:   4096
DRC Results Database:      inver.drc.results (ASCII)
Layout Depth:              ALL
Text Depth:                PRIMARY
Summary Report File:       inver.drc.summary (REPLACE)
Geometry Flagging:         ACUTE = NO  SKEW = NO  ANGLED = NO  OFFGRID = NO
                           NONSIMPLE POLYGON = NO  NONSIMPLE PATH = NO
Excluded Cells:           
CheckText Mapping:         COMMENT TEXT + RULE FILE INFORMATION
Layers:                    MEMORY-BASED
Keep Empty Checks:         YES
----------------------------------------------------------------------------------
--- RUNTIME WARNINGS
---
Layer 35 contains unmapped objects and is the source layer of LAYER MAP == 35 DATATYPE == 1.
Layer INFO_PROCESS_C35B4C3::<1> CREATED with an exclusive FLAT instantiation.
There is no data for layout net name ?VBAT?.
Layer ILL_MISS_MET4BLOCK_AMTS1::<1> CREATED with an exclusive FLAT instantiation.
There is no data for layout net name ?GND?.
There is no data for layout net name ?VEE?.
There is no data for layout net name ?VSUB?.
There is no data for layout net name AGND.
There is no data for layout net name ?VCC?.
There is no data for layout net name ?VBAT?.
There is no data for layout net name ?VCC?.
There is no data for layout net name ?VBAT?.
There is no data for layout net name AGND.
There is no data for layout net name ?GND?.
There is no data for layout net name ?VEE?.
There is no data for layout net name ?VSUB?.
There is no data for layout net name ?VCC?.
There is no data for layout net name ?VBAT?.
There is no data for layout net name ?VCC?.
----------------------------------------------------------------------------------
--- ORIGINAL LAYER STATISTICS
---
LAYER SUBDEF ....... TOTAL Original Geometry Count = 0  (0)
LAYER NTUB ......... TOTAL Original Geometry Count = 2  (2)
LAYER DIFCUT ....... TOTAL Original Geometry Count = 0  (0)
LAYER DIFF ......... TOTAL Original Geometry Count = 4  (4)
LAYER PO1CUT ....... TOTAL Original Geometry Count = 0  (0)
LAYER POLY1 ........ TOTAL Original Geometry Count = 5  (5)
LAYER PO2CUT ....... TOTAL Original Geometry Count = 0  (0)
LAYER POLY2 ........ TOTAL Original Geometry Count = 0  (0)
LAYER CONT ......... TOTAL Original Geometry Count = 16 (16)
LAYER HRES ......... TOTAL Original Geometry Count = 0  (0)
LAYER VIA .......... TOTAL Original Geometry Count = 0  (0)
LAYER VIA2 ......... TOTAL Original Geometry Count = 0  (0)
LAYER VIA3 ......... TOTAL Original Geometry Count = 0  (0)
LAYER NPLUS ........ TOTAL Original Geometry Count = 2  (2)
LAYER PPLUS ........ TOTAL Original Geometry Count = 2  (2)
LAYER RESDEF ....... TOTAL Original Geometry Count = 0  (0)
LAYER RESTRM ....... TOTAL Original Geometry Count = 0  (0)
LAYER RFDEF ........ TOTAL Original Geometry Count = 0  (0)
LAYER TUBDEF ....... TOTAL Original Geometry Count = 0  (0)
LAYER HALLDEF ...... TOTAL Original Geometry Count = 0  (0)
LAYER INDDEF ....... TOTAL Original Geometry Count = 0  (0)
LAYER LVTDEF ....... TOTAL Original Geometry Count = 0  (0)
LAYER MIDOX ........ TOTAL Original Geometry Count = 0  (0)
LAYER DIODE ........ TOTAL Original Geometry Count = 0  (0)
LAYER ZENER ........ TOTAL Original Geometry Count = 0  (0)
LAYER PAD .......... TOTAL Original Geometry Count = 0  (0)
LAYER MET4 ......... TOTAL Original Geometry Count = 0  (0)
LAYER MET3 ......... TOTAL Original Geometry Count = 0  (0)
LAYER MET2 ......... TOTAL Original Geometry Count = 0  (0)
LAYER M1HOLE ....... TOTAL Original Geometry Count = 0  (0)
LAYER MET1 ......... TOTAL Original Geometry Count = 18 (18)
LAYER M2HOLE ....... TOTAL Original Geometry Count = 0  (0)
LAYER M3HOLE ....... TOTAL Original Geometry Count = 0  (0)
LAYER M4HOLE ....... TOTAL Original Geometry Count = 0  (0)
LAYER COLL ......... TOTAL Original Geometry Count = 0  (0)
LAYER NOFILL ....... TOTAL Original Geometry Count = 0  (0)
LAYER PROBE ........ TOTAL Original Geometry Count = 0  (0)
LAYER M1PINSHAPE ... TOTAL Original Geometry Count = 0  (0)
LAYER SFCDEF ....... TOTAL Original Geometry Count = 0  (0)
LAYER EMITT ........ TOTAL Original Geometry Count = 0  (0)
LAYER FIMP ......... TOTAL Original Geometry Count = 1  (1)
LAYER NLDD ......... TOTAL Original Geometry Count = 2  (2)
LAYER NLDD50 ....... TOTAL Original Geometry Count = 0  (0)
----------------------------------------------------------------------------------
--- RULECHECK RESULTS STATISTICS
---
RULECHECK INFO_PROCESS_C35B4C3 .............. TOTAL Result Count = 1 (1)
RULECHECK ILL_LVTDEF_UNAVAILABLE ............ TOTAL Result Count = 0 (0)
RULECHECK CVAR_CAP_UNSUPPORTED_ELE .......... TOTAL Result Count = 0 (0)
RULECHECK CVAR_OLD_VERSION_NO_RFDEF_ELE ..... TOTAL Result Count = 0 (0)
RULECHECK ILL_ZDIODE_UNDEFINED .............. TOTAL Result Count = 0 (0)
RULECHECK ILL_RFPAD_UNSUPPORTED ............. TOTAL Result Count = 0 (0)
RULECHECK BAD_SPIRAL_OPEN_M4 ................ TOTAL Result Count = 0 (0)
RULECHECK BAD_SPIRAL_MET3_INTSHORT .......... TOTAL Result Count = 0 (0)
RULECHECK BAD_SPIRAL_MET2_INTSHORT .......... TOTAL Result Count = 0 (0)
RULECHECK BAD_SPIRAL_MET4_INTSHORT .......... TOTAL Result Count = 0 (0)
RULECHECK BAD_SPIRAL_MET2SHORT .............. TOTAL Result Count = 0 (0)
RULECHECK BAD_SPIRAL_MET3SHORT .............. TOTAL Result Count = 0 (0)
RULECHECK BAD_SPIRAL_MET4SHORT .............. TOTAL Result Count = 0 (0)
RULECHECK BAD_SPIRAL_ILLEGAL_LAYER .......... TOTAL Result Count = 0 (0)
RULECHECK INFO_UNKNOWN_SPIRAL_NAME .......... TOTAL Result Count = 0 (0)
RULECHECK BAD_SPIRAL_LAYOUT ................. TOTAL Result Count = 0 (0)
RULECHECK INFO_CORN_NTUB_REC002 ............. TOTAL Result Count = 0 (0)
RULECHECK INFO_CORN_DIFF_REC002 ............. TOTAL Result Count = 0 (0)
RULECHECK INFO_CORN_MIDOX_REC002 ............ TOTAL Result Count = 0 (0)
RULECHECK INFO_CORN_POLY1_REC002 ............ TOTAL Result Count = 0 (0)
RULECHECK INFO_CORN_NPLUS_REC002 ............ TOTAL Result Count = 0 (0)
RULECHECK INFO_CORN_PPLUS_REC002 ............ TOTAL Result Count = 0 (0)
RULECHECK INFO_CORN_HRES_REC002 ............. TOTAL Result Count = 0 (0)
RULECHECK INFO_CORN_POLY2_REC002 ............ TOTAL Result Count = 0 (0)
RULECHECK ILL_CORN_CONT_REC002 .............. TOTAL Result Count = 0 (0)
RULECHECK INFO_CORN_MET1_REC002 ............. TOTAL Result Count = 0 (0)
RULECHECK ILL_CORN_VIA_REC002 ............... TOTAL Result Count = 0 (0)
RULECHECK INFO_CORN_MET2_REC002 ............. TOTAL Result Count = 0 (0)
RULECHECK ILL_CORN_VIA2_REC002 .............. TOTAL Result Count = 0 (0)
RULECHECK INFO_CORN_MET3_REC002 ............. TOTAL Result Count = 0 (0)
RULECHECK ILL_CORN_VIA3_REC002 .............. TOTAL Result Count = 0 (0)
RULECHECK INFO_CORN_MET4_REC002 ............. TOTAL Result Count = 0 (0)
RULECHECK INFO_CORN_PAD_REC002 .............. TOTAL Result Count = 0 (0)
RULECHECK INFO_NWELL_HOT .................... TOTAL Result Count = 0 (0)
RULECHECK WIDTH_NTUB_NWW1 ................... TOTAL Result Count = 0 (0)
RULECHECK WIDTH_NTUBHOT_NWW2 ................ TOTAL Result Count = 0 (0)
RULECHECK SPAC_NTUB_UNCONN_NWS1 ............. TOTAL Result Count = 0 (0)
RULECHECK SPAC_NTUB_CONN_NWS2 ............... TOTAL Result Count = 0 (0)
RULECHECK SPAC_NTUB_NOTCH_NWS2 .............. TOTAL Result Count = 0 (0)
RULECHECK WIDTH_DIFF_ODW1 ................... TOTAL Result Count = 0 (0)
RULECHECK WIDTH_DIFF_ODW2 ................... TOTAL Result Count = 0 (0)
RULECHECK SPAC_PDIFF_ODS1P .................. TOTAL Result Count = 0 (0)
RULECHECK SPAC_NDIFF_ODS1N .................. TOTAL Result Count = 0 (0)
RULECHECK SPAC_DIFF_NOTCH_ODS1 .............. TOTAL Result Count = 0 (0)
RULECHECK OVLP_NTUB_NDIFF_ODC1 .............. TOTAL Result Count = 0 (0)
RULECHECK SPAC_NDIFF_NTUB_ODC2 .............. TOTAL Result Count = 0 (0)
RULECHECK SPAC_NDIFF_NTUBHOT_ODC3 ........... TOTAL Result Count = 0 (0)
RULECHECK OVLP_NTUB_PDIFF_ODC4 .............. TOTAL Result Count = 0 (0)
RULECHECK SPAC_PDIFF_NTUB_ODC5 .............. TOTAL Result Count = 0 (0)
RULECHECK OVLP_BUTTPDIFF_NGATE_ODC6A ........ TOTAL Result Count = 0 (0)
RULECHECK OVLP_BUTTNDIFF_PGATE_ODC6B ........ TOTAL Result Count = 0 (0)
RULECHECK SPAC_PDIFF_NDIFF_ODS2B ............ TOTAL Result Count = 0 (0)
RULECHECK INFO_NPLUS_AND_PPLUS .............. TOTAL Result Count = 0 (0)
RULECHECK INFO_DIFF_NOIMPL .................. TOTAL Result Count = 0 (0)
RULECHECK WIDTH_MIDOX_W1XM .................. TOTAL Result Count = 0 (0)
RULECHECK OVLP_MIDOX_DIFF_OD2E1 ............. TOTAL Result Count = 0 (0)
RULECHECK SPAC_MIDOX_OD2S1 .................. TOTAL Result Count = 0 (0)
RULECHECK SPAC_MIDOX_NOTCH_OD2S1 ............ TOTAL Result Count = 0 (0)
RULECHECK SPAC_MIDOX_DIFF_OD2C1 ............. TOTAL Result Count = 0 (0)
RULECHECK ILL_MIDOX_NOGATE_BAD1XM ........... TOTAL Result Count = 0 (0)
RULECHECK LENGTH_PGATE_POW1A ................ TOTAL Result Count = 0 (0)
RULECHECK LENGTH_PGATE_POW1B ................ TOTAL Result Count = 0 (0)
RULECHECK LENGTH_NGATE_POW2A ................ TOTAL Result Count = 0 (0)
RULECHECK LENGTH_NGATE_POW2B ................ TOTAL Result Count = 0 (0)
RULECHECK WIDTH_POLY_POW3 ................... TOTAL Result Count = 0 (0)
RULECHECK SPAC_POLY1_POS1 ................... TOTAL Result Count = 0 (0)
RULECHECK SPAC_POLY1_NOTCH_POS1 ............. TOTAL Result Count = 0 (0)
RULECHECK SPAC_DIFF_POLY_POC1 ............... TOTAL Result Count = 0 (0)
RULECHECK OVLP_DIFF_GATE_POC2 ............... TOTAL Result Count = 0 (0)
RULECHECK OVLP_POLY1_GATE_POO1 .............. TOTAL Result Count = 0 (0)
RULECHECK ILL_POLY1_DIE_RATIO_POR1 .......... TOTAL Result Count = 1 (1)
RULECHECK WIDTH_POCAP_PO2W1 ................. TOTAL Result Count = 0 (0)
RULECHECK SPAC_POCAP_PO2S1 .................. TOTAL Result Count = 0 (0)
RULECHECK OVLP_POLY1_POLY2_PO2E1 ............ TOTAL Result Count = 0 (0)
RULECHECK OVLP_POLY2_CONT_PO2E2 ............. TOTAL Result Count = 0 (0)
RULECHECK SPAC_POLY2_P1CON_PO2C1 ............ TOTAL Result Count = 0 (0)
RULECHECK WIDTH_POLY2_PO2W2 ................. TOTAL Result Count = 0 (0)
RULECHECK SPAC_POLY2_PO2S2 .................. TOTAL Result Count = 0 (0)
RULECHECK SPAC_POLY2_NOTCH_PO2S2 ............ TOTAL Result Count = 0 (0)
RULECHECK WIDTH_RPOLYH_PO2W3 ................ TOTAL Result Count = 0 (0)
RULECHECK SPAC_RPOLYH_PO2S3 ................. TOTAL Result Count = 0 (0)
RULECHECK SPAC_RPOLYH_NOTCH_PO2S3 ........... TOTAL Result Count = 0 (0)
RULECHECK SPAC_DIFF_POLY2_PO2C2 ............. TOTAL Result Count = 0 (0)
RULECHECK SPAC_POLY1_POLY2_PO2C3 ............ TOTAL Result Count = 0 (0)
RULECHECK OVLP_POLY2_CONT_PO2E3 ............. TOTAL Result Count = 0 (0)
RULECHECK ILL_POLY2_DIFF_PO2R1 .............. TOTAL Result Count = 0 (0)
RULECHECK WIDTH_PPLUS_PPW1 .................. TOTAL Result Count = 0 (0)
RULECHECK SPAC_PPLUS_PPS1 ................... TOTAL Result Count = 0 (0)
RULECHECK SPAC_PPLUS_NOTCH_PPS1 ............. TOTAL Result Count = 0 (0)
RULECHECK SPAC_PPLUS_DIFF_PPC1 .............. TOTAL Result Count = 0 (0)
RULECHECK SPAC_PPLUS_NGATE_PPC2 ............. TOTAL Result Count = 0 (0)
RULECHECK OVLP_PPLUS_PGATE_PPC3 ............. TOTAL Result Count = 0 (0)
RULECHECK OVLP_PPLUS_DIFF_PPO1 .............. TOTAL Result Count = 0 (0)
RULECHECK OVLP_PPLUS_DIFF_PPE1 .............. TOTAL Result Count = 0 (0)
RULECHECK SPAC_IMPL_POLY_PPC5_NPC5 .......... TOTAL Result Count = 0 (0)
RULECHECK SPAC_PPLUS_NPLUS_DIFF_PPC6 ........ TOTAL Result Count = 0 (0)
RULECHECK WIDTH_NPLUS_NPW1 .................. TOTAL Result Count = 0 (0)
RULECHECK SPAC_NPLUS_NPS1 ................... TOTAL Result Count = 0 (0)
RULECHECK SPAC_NPLUS_NOTCH_NPS1 ............. TOTAL Result Count = 0 (0)
RULECHECK SPAC_NPLUS_DIFF_NPC1 .............. TOTAL Result Count = 0 (0)
RULECHECK SPAC_NPLUS_PGATE_NPC2 ............. TOTAL Result Count = 0 (0)
RULECHECK OVLP_NPLUS_NGATE_NPC3 ............. TOTAL Result Count = 0 (0)
RULECHECK OVLP_NPLUS_DIFF_NPO1 .............. TOTAL Result Count = 0 (0)
RULECHECK OVLP_NPLUS_DIFF_NPE1 .............. TOTAL Result Count = 0 (0)
RULECHECK SPAC_PPLUS_NPLUS_DIFF_NPC6 ........ TOTAL Result Count = 0 (0)
RULECHECK WIDTH_CONT_COW1 ................... TOTAL Result Count = 0 (0)
RULECHECK SPAC_CONT_COS1 .................... TOTAL Result Count = 0 (0)
RULECHECK SPAC_CONT_NOTCH_COS1 .............. TOTAL Result Count = 0 (0)
RULECHECK SPAC_DIFFCON_GATE_COC1 ............ TOTAL Result Count = 0 (0)
RULECHECK SPAC_POLYCON_GATE_COC2 ............ TOTAL Result Count = 0 (0)
RULECHECK OVLP_DIFF_CONT_COE1 ............... TOTAL Result Count = 0 (0)
RULECHECK OVLP_POLY_CONT_COE2 ............... TOTAL Result Count = 0 (0)
RULECHECK OVLP_PPLUS_DIFFCON_COE3 ........... TOTAL Result Count = 0 (0)
RULECHECK OVLP_NPLUS_DIFFCON_COE4 ........... TOTAL Result Count = 0 (0)
RULECHECK ILL_POLYCONT_DIFF_COR1 ............ TOTAL Result Count = 0 (0)
RULECHECK ILL_BUTTCON_COR2 .................. TOTAL Result Count = 0 (0)
RULECHECK ILL_CONT_ISOLATED_R01CT ........... TOTAL Result Count = 0 (0)
RULECHECK ILL_CONT_MET1 ..................... TOTAL Result Count = 0 (0)
RULECHECK ILL_CONT_DIFFPOLY ................. TOTAL Result Count = 0 (0)
RULECHECK WIDTH_MET1_M1W1 ................... TOTAL Result Count = 0 (0)
RULECHECK SPAC_MET1_M1S1 .................... TOTAL Result Count = 0 (0)
RULECHECK SPAC_MET1_NOTCH_M1S1 .............. TOTAL Result Count = 0 (0)
RULECHECK SPAC_MET1WIDE_M1S2 ................ TOTAL Result Count = 0 (0)
RULECHECK OVLP_MET1_CONT_M1E1 ............... TOTAL Result Count = 0 (0)
RULECHECK ILL_MET1_DIE_RATIO_M1R1 ........... TOTAL Result Count = 1 (1)
RULECHECK WIDTH_VIA1_V1W1 ................... TOTAL Result Count = 0 (0)
RULECHECK SPAC_VIA_VIAS1 .................... TOTAL Result Count = 0 (0)
RULECHECK SPAC_VIA_NOTCH_VIA1S1 ............. TOTAL Result Count = 0 (0)
RULECHECK OVLP_MET1_VIA1_VIA1E1 ............. TOTAL Result Count = 0 (0)
RULECHECK ILL_VIA1_ISOLATED_R01V1 ........... TOTAL Result Count = 0 (0)
RULECHECK ILL_VIA_MET1 ...................... TOTAL Result Count = 0 (0)
RULECHECK WIDTH_MET2_M2W1 ................... TOTAL Result Count = 0 (0)
RULECHECK SPAC_MET2_M2S1 .................... TOTAL Result Count = 0 (0)
RULECHECK SPAC_MET2_NOTCH_M2S1 .............. TOTAL Result Count = 0 (0)
RULECHECK SPAC_MET2WIDE_M2S2 ................ TOTAL Result Count = 0 (0)
RULECHECK OVLP_MET2_VIA_M2E1 ................ TOTAL Result Count = 0 (0)
RULECHECK ILL_MET2_DIE_RATIO_M2R1 ........... TOTAL Result Count = 1 (1)
RULECHECK WIDTH_VIA2_VIA2W1 ................. TOTAL Result Count = 0 (0)
RULECHECK SPAC_VIA2_VIA2S1 .................. TOTAL Result Count = 0 (0)
RULECHECK SPAC_VIA2_NOTCH_VIA2S1 ............ TOTAL Result Count = 0 (0)
RULECHECK OVLP_MET2_VIA2_VIA2E1 ............. TOTAL Result Count = 0 (0)
RULECHECK ILL_VIA2_ISOLATED_R01V2 ........... TOTAL Result Count = 0 (0)
RULECHECK ILL_VIA2_MET2 ..................... TOTAL Result Count = 0 (0)
RULECHECK WIDTH_MET3_M3W1 ................... TOTAL Result Count = 0 (0)
RULECHECK SPAC_MET3_M3S1 .................... TOTAL Result Count = 0 (0)
RULECHECK SPAC_MET3_NOTCH_M3S1 .............. TOTAL Result Count = 0 (0)
RULECHECK OVLP_MET3_VIA2_M3E1 ............... TOTAL Result Count = 0 (0)
RULECHECK SPAC_MET3WIDE_M3S2 ................ TOTAL Result Count = 0 (0)
RULECHECK ILL_MET3_DIE_RATIO_M3R1 ........... TOTAL Result Count = 1 (1)
RULECHECK WIDTH_VIA3_VIA3W1 ................. TOTAL Result Count = 0 (0)
RULECHECK SPAC_VIA3_VIA3S1 .................. TOTAL Result Count = 0 (0)
RULECHECK SPAC_VIA3_NOTCH_VIA3S1 ............ TOTAL Result Count = 0 (0)
RULECHECK OVLP_MET3_VIA3_VIA3E1 ............. TOTAL Result Count = 0 (0)
RULECHECK ILL_VIA3_ISOLATED_R01V3 ........... TOTAL Result Count = 0 (0)
RULECHECK ILL_VIA3_MET3 ..................... TOTAL Result Count = 0 (0)
RULECHECK ILL_VIA3_MET4 ..................... TOTAL Result Count = 0 (0)
RULECHECK WIDTH_MET4_M4W1 ................... TOTAL Result Count = 0 (0)
RULECHECK SPAC_MET4_M4S1 .................... TOTAL Result Count = 0 (0)
RULECHECK SPAC_MET4_NOTCH_M4S1 .............. TOTAL Result Count = 0 (0)
RULECHECK OVLP_MET4_VIA3_M4E1 ............... TOTAL Result Count = 0 (0)
RULECHECK SPAC_MET4WIDE_M4S2 ................ TOTAL Result Count = 0 (0)
RULECHECK ILL_MET4_DIE_RATIO_M4R1 ........... TOTAL Result Count = 1 (1)
RULECHECK ILL_DIFF_PAD_BAD1PA ............... TOTAL Result Count = 0 (0)
RULECHECK ILL_POLY1_PAD_BAD2PA .............. TOTAL Result Count = 0 (0)
RULECHECK ILL_POLY2_PAD_BAD3PA .............. TOTAL Result Count = 0 (0)
RULECHECK ILL_CONT_PAD ...................... TOTAL Result Count = 0 (0)
RULECHECK NO_MET1_UNDER_PAD_CBR1_REC ........ TOTAL Result Count = 0 (0)
RULECHECK NO_MET2_UNDER_PAD_CBR1_REC ........ TOTAL Result Count = 0 (0)
RULECHECK NO_MET3_UNDER_PAD_CBR1_REC ........ TOTAL Result Count = 0 (0)
RULECHECK NO_MET4_UNDER_PAD_CBR1_REC ........ TOTAL Result Count = 0 (0)
RULECHECK INFO_TEST_PROBE_PAD ............... TOTAL Result Count = 0 (0)
RULECHECK ILL_MISS_MET4_PROBEPAD_ERC ........ TOTAL Result Count = 0 (0)
RULECHECK WIDTH_TEPROPAD_W1PA ............... TOTAL Result Count = 0 (0)
RULECHECK WIDTH_BONDPAD_CBW1 ................ TOTAL Result Count = 0 (0)
RULECHECK SPAC_PAD_CBS1 ..................... TOTAL Result Count = 0 (0)
RULECHECK SPAC_PAD_NOTCH_CBS1 ............... TOTAL Result Count = 0 (0)
RULECHECK OVLP_MET1_PAD_CBE1 ................ TOTAL Result Count = 0 (0)
RULECHECK OVLP_MET2_PAD_CBE2 ................ TOTAL Result Count = 0 (0)
RULECHECK OVLP_MET3_PAD_CBE3 ................ TOTAL Result Count = 0 (0)
RULECHECK OVLP_MET4_PAD_CBE4 ................ TOTAL Result Count = 0 (0)
RULECHECK OVLP_PADVIA_MET1_CBE5 ............. TOTAL Result Count = 0 (0)
RULECHECK INFO_PADVIA_NO_DIAMOND_CBE5 ....... TOTAL Result Count = 0 (0)
RULECHECK INFO_PADVIA2_NO_DIAMOND_CBE7 ...... TOTAL Result Count = 0 (0)
RULECHECK INFO_PADVIA3_NO_DIAMOND_CBE9 ...... TOTAL Result Count = 0 (0)
RULECHECK OVLP_PADVIA_MET2_CBE7 ............. TOTAL Result Count = 0 (0)
RULECHECK OVLP_PADVIA2_MET2_CBE7 ............ TOTAL Result Count = 0 (0)
RULECHECK OVLP_PADVIA2_MET3_CBE9 ............ TOTAL Result Count = 0 (0)
RULECHECK OVLP_PADVIA3_MET3_CBE9 ............ TOTAL Result Count = 0 (0)
RULECHECK OVLP_PADVIA3_MET4_CBE11 ........... TOTAL Result Count = 0 (0)
RULECHECK SPAC_PADVIA_CBS2 .................. TOTAL Result Count = 0 (0)
RULECHECK SPAC_PADVIA2_CBS3 ................. TOTAL Result Count = 0 (0)
RULECHECK SPAC_PADVIA3_CBS4 ................. TOTAL Result Count = 0 (0)
RULECHECK SPAC_PADVIAVIA2_CBC1 .............. TOTAL Result Count = 0 (0)
RULECHECK SPAC_PADVIA2VIA3_CBC2 ............. TOTAL Result Count = 0 (0)
RULECHECK ILL_PADVIA_PAD_RATIO_CBR2 ......... TOTAL Result Count = 0 (0)
RULECHECK ILL_PADVIA2_PAD_RATIO_CBR3 ........ TOTAL Result Count = 0 (0)
RULECHECK ILL_PADVIA3_PAD_RATIO_CBR4 ........ TOTAL Result Count = 0 (0)
RULECHECK ILL_PADVIA_PADVIA2_CBC2 ........... TOTAL Result Count = 0 (0)
RULECHECK ILL_PADVIA2_PADVIA3_CBC3 .......... TOTAL Result Count = 0 (0)
RULECHECK SPAC_DIFF_BONDPAD_S1DFPA .......... TOTAL Result Count = 0 (0)
RULECHECK SPAC_POLY1_BONDPAD_S1P1PA ......... TOTAL Result Count = 0 (0)
RULECHECK SPAC_POLY2_BONDPAD_S1P2PA ......... TOTAL Result Count = 0 (0)
RULECHECK SPAC_MET1_BONDPAD_S1M1PA .......... TOTAL Result Count = 0 (0)
RULECHECK SPAC_MET2_BONDPAD_S1M2PA .......... TOTAL Result Count = 0 (0)
RULECHECK SPAC_MET3_BONDPAD_S1M3PA .......... TOTAL Result Count = 0 (0)
RULECHECK SPAC_MET4_BONDPAD_S1M4PA .......... TOTAL Result Count = 0 (0)
RULECHECK ILL_PAD_MISSING_MET4_R01PA ........ TOTAL Result Count = 0 (0)
RULECHECK WIDTH_HRES_W1HR ................... TOTAL Result Count = 0 (0)
RULECHECK SPAC_HRES_S1HRHR .................. TOTAL Result Count = 0 (0)
RULECHECK SPAC_HRES_NOTCH_S1HRHR ............ TOTAL Result Count = 0 (0)
RULECHECK ILL_HRES_DIFF_BAD1HR .............. TOTAL Result Count = 0 (0)
RULECHECK ILL_HRES_NPLUS_BAD2HR ............. TOTAL Result Count = 0 (0)
RULECHECK ILL_HRES_POLY1_BAD3HR ............. TOTAL Result Count = 0 (0)
RULECHECK OVLP_HRES_POLY2_E1HRP2 ............ TOTAL Result Count = 0 (0)
RULECHECK SPAC_HRES_POLY1_S1HRP1 ............ TOTAL Result Count = 0 (0)
RULECHECK SPAC_HRES_POLY2_S1HRP2 ............ TOTAL Result Count = 0 (0)
RULECHECK SPAC_HRES_DIFF_S1DFHR ............. TOTAL Result Count = 0 (0)
RULECHECK ILL_PPLUS_CPOLY_RECG1 ............. TOTAL Result Count = 0 (0)
RULECHECK ILL_NPLUS_CPOLY_RECG2 ............. TOTAL Result Count = 0 (0)
RULECHECK SPAC_PPLUS_CPOLY_RECG1 ............ TOTAL Result Count = 0 (0)
RULECHECK SPAC_NPLUS_CPOLY_RECG2 ............ TOTAL Result Count = 0 (0)
RULECHECK ILL_PPLUS_RPOLY2_R1 ............... TOTAL Result Count = 0 (0)
RULECHECK ILL_NPLUS_RPOLY2_R2 ............... TOTAL Result Count = 0 (0)
RULECHECK ILL_RPOLY2_RATIO_RECG1 ............ TOTAL Result Count = 0 (0)
RULECHECK ILL_RNWELL_RATIO_RECG1 ............ TOTAL Result Count = 0 (0)
RULECHECK OVLP_PPLUS_RPHCON_E1IPCT .......... TOTAL Result Count = 0 (0)
RULECHECK ILL_POLY2CON_E1IPCT ............... TOTAL Result Count = 0 (0)
RULECHECK SPAC_PPLUS_RPOLYH_S1IPP2 .......... TOTAL Result Count = 0 (0)
RULECHECK ILL_RPOLYH_RATIO_RECG1 ............ TOTAL Result Count = 0 (0)
RULECHECK WIDTH_RPOLYH_RECG2 ................ TOTAL Result Count = 0 (0)
RULECHECK ILL_MET1_NOHOLES_AMW0 ............. TOTAL Result Count = 0 (0)
RULECHECK ILL_MET2_NOHOLES_AMW0 ............. TOTAL Result Count = 0 (0)
RULECHECK ILL_MET3_NOHOLES_AMW0 ............. TOTAL Result Count = 0 (0)
RULECHECK ILL_MET4_NOHOLES_AMW0 ............. TOTAL Result Count = 0 (0)
RULECHECK WIDTH_M1SLOT_AMW1 ................. TOTAL Result Count = 0 (0)
RULECHECK WIDTH_M2SLOT_AMW1 ................. TOTAL Result Count = 0 (0)
RULECHECK WIDTH_M3SLOT_AMW1 ................. TOTAL Result Count = 0 (0)
RULECHECK WIDTH_M4SLOT_AMW1 ................. TOTAL Result Count = 0 (0)
RULECHECK LENGTH_M1SLOT_AML1 ................ TOTAL Result Count = 0 (0)
RULECHECK LENGTH_M1SLOT_MAX_AML2 ............ TOTAL Result Count = 0 (0)
RULECHECK LENGTH_M2SLOT_AML1 ................ TOTAL Result Count = 0 (0)
RULECHECK LENGTH_M2SLOT_MAX_AML2 ............ TOTAL Result Count = 0 (0)
RULECHECK LENGTH_M3SLOT_AML1 ................ TOTAL Result Count = 0 (0)
RULECHECK LENGTH_M3SLOT_MAX_AML2 ............ TOTAL Result Count = 0 (0)
RULECHECK LENGTH_M4SLOT_AML1 ................ TOTAL Result Count = 0 (0)
RULECHECK LENGTH_M4SLOT_MAX_AML2 ............ TOTAL Result Count = 0 (0)
RULECHECK SPAC_M1HOLE_AMS1 .................. TOTAL Result Count = 0 (0)
RULECHECK SPAC_M2HOLE_AMS1 .................. TOTAL Result Count = 0 (0)
RULECHECK SPAC_M3HOLE_AMS1 .................. TOTAL Result Count = 0 (0)
RULECHECK SPAC_M4HOLE_AMS1 .................. TOTAL Result Count = 0 (0)
RULECHECK SPAC_M1M2HOLE_AMC1 ................ TOTAL Result Count = 0 (0)
RULECHECK SPAC_M2M3HOLE_AMC1 ................ TOTAL Result Count = 0 (0)
RULECHECK SPAC_M3M4HOLE_AMC1 ................ TOTAL Result Count = 0 (0)
RULECHECK OVLP_MET1_M1HOLE_AMC2 ............. TOTAL Result Count = 0 (0)
RULECHECK OVLP_MET2_M2HOLE_AMC2 ............. TOTAL Result Count = 0 (0)
RULECHECK OVLP_MET3_M3HOLE_AMC2 ............. TOTAL Result Count = 0 (0)
RULECHECK OVLP_MET4_M4HOLE_AMC2 ............. TOTAL Result Count = 0 (0)
RULECHECK ILL_OUT_M1HOLE_AMW0 ............... TOTAL Result Count = 0 (0)
RULECHECK ILL_OUT_M2HOLE_AMW0 ............... TOTAL Result Count = 0 (0)
RULECHECK ILL_OUT_M3HOLE_AMW0 ............... TOTAL Result Count = 0 (0)
RULECHECK ILL_CONT_M1HOLE_AMW0 .............. TOTAL Result Count = 0 (0)
RULECHECK ILL_VIA_M1HOLE_AMW0 ............... TOTAL Result Count = 0 (0)
RULECHECK ILL_VIA_M2HOLE_AMW0 ............... TOTAL Result Count = 0 (0)
RULECHECK ILL_VIA2_M2HOLE_AMW0 .............. TOTAL Result Count = 0 (0)
RULECHECK ILL_VIA2_M3HOLE_AMW0 .............. TOTAL Result Count = 0 (0)
RULECHECK ILL_OUT_M4HOLE_AMW0 ............... TOTAL Result Count = 0 (0)
RULECHECK ILL_VIA3_M4HOLE_AMW0 .............. TOTAL Result Count = 0 (0)
RULECHECK ILL_MISS_MET4BLOCK_AMTS1 .......... TOTAL Result Count = 0 (0)
RULECHECK ILL_MET4BLOCK_AMTW1_REC ........... TOTAL Result Count = 0 (0)
RULECHECK SPAC_MET4BLOCK_MET4_AMTS2_REC ..... TOTAL Result Count = 0 (0)
RULECHECK SPAC_MET4BLOCK_MET4_AMTS3_REC ..... TOTAL Result Count = 0 (0)
RULECHECK SPAC_MET4BLOCK_AMTS4_REC .......... TOTAL Result Count = 0 (0)
RULECHECK ILL_RATIO_CONT_POLY1_RECG01P1 ..... TOTAL Result Count = 0 (0)
RULECHECK ILL_RATIO_CONT_POLY2_RECG01P2 ..... TOTAL Result Count = 0 (0)
RULECHECK ILL_MET4_MET3_BONDPAD_CBR1 ........ TOTAL Result Count = 0 (0)
RULECHECK ILL_MET3_MET2_BONDPAD_CBR1 ........ TOTAL Result Count = 0 (0)
RULECHECK ILL_MET2_MET1_BONDPAD_CBR1 ........ TOTAL Result Count = 0 (0)
RULECHECK OVLP_RESTRM_RESDEF_REC ............ TOTAL Result Count = 0 (0)
RULECHECK ILL_DIFF_NOT_CONT_ERC ............. TOTAL Result Count = 0 (0)
RULECHECK ILL_POLY1_NOT_CONT_ERC ............ TOTAL Result Count = 0 (0)
RULECHECK ILL_POLY2_NOT_CONT_ERC ............ TOTAL Result Count = 0 (0)
RULECHECK ILL_MET1_NOT_VIA_CONT_ERC ......... TOTAL Result Count = 0 (0)
RULECHECK ILL_MET2_NOT_VIA2_VIA_ERC ......... TOTAL Result Count = 0 (0)
RULECHECK ILL_MET3_NOT_VIA2_ERC ............. TOTAL Result Count = 0 (0)
RULECHECK ILL_MET4_NOT_VIA3_ERC ............. TOTAL Result Count = 0 (0)
RULECHECK INFO_TOPMINMET4_ON_VIA3 ........... TOTAL Result Count = 0 (0)
RULECHECK INFO_TOPMINMET2_ON_VIA ............ TOTAL Result Count = 0 (0)
RULECHECK INFO_TOPMINMET3_ON_VIA2 ........... TOTAL Result Count = 0 (0)
RULECHECK INFO_TOPMINMET34_ON_VIA23 ......... TOTAL Result Count = 0 (0)
RULECHECK INFO_TOPMINMET32_ON_VIA_VIA2 ...... TOTAL Result Count = 0 (0)
RULECHECK INFO_SUBDEF ....................... TOTAL Result Count = 0 (0)
RULECHECK INFO_SUBDEF_CUT_NTUB .............. TOTAL Result Count = 0 (0)
RULECHECK ILL_SUBDEF_CUT_GATE ............... TOTAL Result Count = 0 (0)
RULECHECK ILL_SUBDEF_CUT_SUBTAP ............. TOTAL Result Count = 0 (0)
RULECHECK SPAC_SUBDEFAREA_CONN .............. TOTAL Result Count = 0 (0)
RULECHECK ILL_POSSIBLE_Z_DIODE_ERC .......... TOTAL Result Count = 0 (0)
RULECHECK ILL_HV_NMOS_ERC ................... TOTAL Result Count = 0 (0)
RULECHECK INFO_TEXT_VDD ..................... TOTAL Result Count = 1 (1)
RULECHECK INFO_TEXT_VSS ..................... TOTAL Result Count = 1 (1)
RULECHECK ILL_SOFT_CONN_MET1_NWELL_ERC ...... TOTAL Result Count = 0 (0)
RULECHECK ILL_SOFT_CONN_PTRANS_ERC .......... TOTAL Result Count = 0 (0)
RULECHECK ILL_SOFT_CONN_MET1_PSUB_ERC ....... TOTAL Result Count = 0 (0)
RULECHECK ILL_SOFT_CONN_NTRANS_ERC .......... TOTAL Result Count = 0 (0)
RULECHECK ILL_SOFT_CONN_MET1_WELLTAP_ERC .... TOTAL Result Count = 0 (0)
RULECHECK ILL_SOFT_CONN_MET1_SUBTAP_ERC ..... TOTAL Result Count = 0 (0)
RULECHECK ILL_FLOATING_GATE_ERC ............. TOTAL Result Count = 0 (0)
RULECHECK ILL_GATES_CONN_VDD_ERC ............ TOTAL Result Count = 0 (0)
RULECHECK ILL_GATES_CONN_VSS_ERC ............ TOTAL Result Count = 0 (0)
RULECHECK ILL_NWELL_NOT_CONN_VDD_SD_ERC ..... TOTAL Result Count = 0 (0)
RULECHECK SPAC_NTAP_IN_NWELL_GT50_ERC ....... TOTAL Result Count = 0 (0)
RULECHECK SPAC_SUBTAP_NDIFF50_LAT3_ERC ...... TOTAL Result Count = 0 (0)
RULECHECK SPAC_WELLTAP_PDIFF50_LAT3_ERC ..... TOTAL Result Count = 0 (0)
RULECHECK SPAC_SUBTAP_NDIFF_LAT3_REC ........ TOTAL Result Count = 0 (0)
RULECHECK SPAC_WELLTAP_PDIFF_LAT3_REC ....... TOTAL Result Count = 0 (0)
RULECHECK ILL_PGATE_LAT2DEV_NOVDD_ERC ....... TOTAL Result Count = 0 (0)
RULECHECK ILL_CONT_RPOLY2_ERC ............... TOTAL Result Count = 0 (0)
RULECHECK ILL_CONT_RDIFFN_ERC ............... TOTAL Result Count = 0 (0)
RULECHECK ILL_CONT_RDIFFP_ERC ............... TOTAL Result Count = 0 (0)
RULECHECK ILL_CONT_RPOLYH_ERC ............... TOTAL Result Count = 0 (0)
RULECHECK ILL_CONT_RNWELL_ERC ............... TOTAL Result Count = 0 (0)
RULECHECK ILL_POLY2_RPOLY2_ERC .............. TOTAL Result Count = 0 (0)
RULECHECK ILL_POLY2CUT_RPOLY2_ERC ........... TOTAL Result Count = 0 (0)
RULECHECK ILL_POLY2_RPOLYH_ERC .............. TOTAL Result Count = 0 (0)
RULECHECK ILL_NTUB_RNWELL_ERC ............... TOTAL Result Count = 0 (0)
RULECHECK ILL_PDIFF_RDIFFP_ERC .............. TOTAL Result Count = 0 (0)
RULECHECK ILL_NWELL_RDIFFP_NOVDD_ERC ........ TOTAL Result Count = 0 (0)
RULECHECK ILL_NWELL_RPOLY1_NOSUPPLY_ERC ..... TOTAL Result Count = 0 (0)
RULECHECK ILL_NWELL_CPOLY_NOSUPPLY_ERC ...... TOTAL Result Count = 0 (0)
RULECHECK WARNING_REDUCED_CELL .............. TOTAL Result Count = 0 (0)
RULECHECK INFO_RF_PAD ....................... TOTAL Result Count = 0 (0)
RULECHECK INFO_ILLEGAL_RF_PAD ............... TOTAL Result Count = 0 (0)
RULECHECK INFO_BOND_PAD ..................... TOTAL Result Count = 0 (0)
RULECHECK INFO_ILL_PAD_PITCH_100 ............ TOTAL Result Count = 0 (0)
RULECHECK ILL_FLOATING_NET_ERC .............. TOTAL Result Count = 0 (0)
RULECHECK SHORTED_PADS_EQ2_SERC ............. TOTAL Result Count = 0 (0)
RULECHECK SHORTED_PADS_EQ3_SERC ............. TOTAL Result Count = 0 (0)
RULECHECK SHORTED_PADS_EQ4_SERC ............. TOTAL Result Count = 0 (0)
RULECHECK SHORTED_PADS_GT4_SERC ............. TOTAL Result Count = 0 (0)
RULECHECK INFO_PROBE_PAD .................... TOTAL Result Count = 0 (0)
RULECHECK ILL_MISS_MET4_PROBE_ERC ........... TOTAL Result Count = 0 (0)
RULECHECK ILL_WIDTH_MET4_PROBE_ERC .......... TOTAL Result Count = 0 (0)
RULECHECK WIDTH_PROBE_PAD_ERC ............... TOTAL Result Count = 0 (0)
RULECHECK BAD_HALL_UNIDENT .................. TOTAL Result Count = 0 (0)
RULECHECK BAD_HALL_ILLEGAL_LAYER ............ TOTAL Result Count = 0 (0)
RULECHECK HALLC35_MISS_TERM_A ............... TOTAL Result Count = 0 (0)
RULECHECK HALLC35_MISS_TERM_B ............... TOTAL Result Count = 0 (0)
RULECHECK HALLC35_MISS_TERM_C ............... TOTAL Result Count = 0 (0)
RULECHECK HALLC35_MISS_TERM_D ............... TOTAL Result Count = 0 (0)
RULECHECK HALLC35_MISS_TERM_P1 .............. TOTAL Result Count = 0 (0)
RULECHECK HALLC35_MISS_TERM_P2 .............. TOTAL Result Count = 0 (0)
RULECHECK HALLC35_MISS_TERM_S ............... TOTAL Result Count = 0 (0)
RULECHECK HALLC35_ORIENT_COUNTERCLOCKWISE ... TOTAL Result Count = 0 (0)
RULECHECK HALLC35_ORIENT_CLOCKWISE .......... TOTAL Result Count = 0 (0)
RULECHECK HALLC35_ORIENT_UNIDENTIFIED ....... TOTAL Result Count = 0 (0)
RULECHECK HALL_NTUB_AREA .................... TOTAL Result Count = 0 (0)
RULECHECK HALL_NTUB_PERIM ................... TOTAL Result Count = 0 (0)
RULECHECK HALL_PTAP_PERIM ................... TOTAL Result Count = 0 (0)
RULECHECK HALL_COIL_PERIM ................... TOTAL Result Count = 0 (0)
RULECHECK VERT10_BASE_NTUB_PERI_P2_ELEM ..... TOTAL Result Count = 0 (0)
RULECHECK VERT10_PTAP_INSIDE_PERI_P3_ELEM ... TOTAL Result Count = 0 (0)
RULECHECK VERT10_OVLP_NTUB_NTAP_E1_ELEM ..... TOTAL Result Count = 0 (0)
RULECHECK LAT2_EMITTER_PERI_P1_ELEM ......... TOTAL Result Count = 0 (0)
RULECHECK LAT2_COLL_PDIFF_PERI_P2_ELEM ...... TOTAL Result Count = 0 (0)
RULECHECK LAT2_BASE_NTUB_PERI_P3_ELEM ....... TOTAL Result Count = 0 (0)
RULECHECK LAT2_PTAP_INSIDE_PERI_P4_ELEM ..... TOTAL Result Count = 0 (0)
RULECHECK LAT2_BASE_WIDTH_W1_ELEM ........... TOTAL Result Count = 0 (0)
RULECHECK LAT2_OVLP_NTUB_NTAP_E1_ELEM ....... TOTAL Result Count = 0 (0)
RULECHECK LAT2_GATE_NOVDD_G1_ELEM ........... TOTAL Result Count = 0 (0)
RULECHECK NMOSH_OVLP_GATE_NTUB_O1_ELEM ...... TOTAL Result Count = 0 (0)
RULECHECK NMOSH_SPAC_GATE_DRDIFF_S1_ELEM .... TOTAL Result Count = 0 (0)
RULECHECK NMOSH_OVLP_POLY_GATE_E1_ELEM ...... TOTAL Result Count = 0 (0)
RULECHECK NMOSH_GATE_LENGTH_L1_ELEM ......... TOTAL Result Count = 0 (0)
RULECHECK NMOSH_DRAIN_NDIFF45_X1_1_ELEM ..... TOTAL Result Count = 0 (0)
RULECHECK NMOSH_DRAIN_NDIFF45_X1_2_ELEM ..... TOTAL Result Count = 0 (0)
RULECHECK CVAR_ILL_GATE_WIDTH_W1_ELEM ....... TOTAL Result Count = 0 (0)
RULECHECK CVAR_ILL_GATE_LENGTH_L1_ELEM ...... TOTAL Result Count = 0 (0)
RULECHECK CVAR_ILL_GATE_SPAC_X1_ELEM ........ TOTAL Result Count = 0 (0)
RULECHECK CVAR_ILL_DIFF_SPAC_Y1_ELEM ........ TOTAL Result Count = 0 (0)
RULECHECK ZD2SM24_ILL_IMPL_OVLP_O1_ELEM ..... TOTAL Result Count = 0 (0)
RULECHECK ZD2SM24_ILL_IMPL_LENGTH_W1_ELEM ... TOTAL Result Count = 0 (0)
RULECHECK NMOSRF_OPEN_GATE .................. TOTAL Result Count = 0 (0)
RULECHECK PMOSRF_OPEN_GATE .................. TOTAL Result Count = 0 (0)
RULECHECK NMOSRF_FIXED_L_ELEM ............... TOTAL Result Count = 0 (0)
RULECHECK PMOSRF_FIXED_L_ELEM ............... TOTAL Result Count = 0 (0)
RULECHECK NMOSRF_FIXED_W_ELEM ............... TOTAL Result Count = 0 (0)
RULECHECK PMOSRF_FIXED_W_ELEM ............... TOTAL Result Count = 0 (0)
RULECHECK NMOSRF_FIXED_WMAX5_ELEM ........... TOTAL Result Count = 0 (0)
RULECHECK NMOSRF_FIXED_WMAX10_ELEM .......... TOTAL Result Count = 0 (0)
RULECHECK PMOSRF_FIXED_WMAX5_ELEM ........... TOTAL Result Count = 0 (0)
RULECHECK PMOSRF_FIXED_WMAX10_ELEM .......... TOTAL Result Count = 0 (0)
RULECHECK MISSING_FIMP ...................... TOTAL Result Count = 0 (0)
RULECHECK MISSING_NLDD ...................... TOTAL Result Count = 0 (0)
RULECHECK MISSING_NLDD50 .................... TOTAL Result Count = 0 (0)
RULECHECK ILL_NMOSHL4_UNAVAILABLE ........... TOTAL Result Count = 0 (0)
RULECHECK ILL_NMOSMHL4_UNAVAILABLE .......... TOTAL Result Count = 0 (0)
RULECHECK ILL_NMOSL4_UNAVAILABLE ............ TOTAL Result Count = 0 (0)
RULECHECK ILL_NMOSML4_UNAVAILABLE ........... TOTAL Result Count = 0 (0)
RULECHECK ILL_PMOSL4_UNAVAILABLE ............ TOTAL Result Count = 0 (0)
RULECHECK ILL_PMOSML4_UNAVAILABLE ........... TOTAL Result Count = 0 (0)
----------------------------------------------------------------------------------
--- RULECHECK RESULTS STATISTICS (BY CELL)
---
CELL inver ............................... TOTAL Result Count = 8 (8)
    RULECHECK INFO_PROCESS_C35B4C3 ....... TOTAL Result Count = 1 (1)
    RULECHECK ILL_POLY1_DIE_RATIO_POR1 ... TOTAL Result Count = 1 (1)
    RULECHECK ILL_MET1_DIE_RATIO_M1R1 .... TOTAL Result Count = 1 (1)
    RULECHECK ILL_MET2_DIE_RATIO_M2R1 .... TOTAL Result Count = 1 (1)
    RULECHECK ILL_MET3_DIE_RATIO_M3R1 .... TOTAL Result Count = 1 (1)
    RULECHECK ILL_MET4_DIE_RATIO_M4R1 .... TOTAL Result Count = 1 (1)
    RULECHECK INFO_TEXT_VDD .............. TOTAL Result Count = 1 (1)
    RULECHECK INFO_TEXT_VSS .............. TOTAL Result Count = 1 (1)
----------------------------------------------------------------------------------
--- SUMMARY
---
TOTAL CPU Time:                  0
TOTAL REAL Time:                 0
TOTAL Original Layer Geometries: 52 (52)
TOTAL DRC RuleChecks Executed:   399
TOTAL DRC Results Generated:     8 (8)
